// Jest Snapshot v1, https://goo.gl/fbAQLP

exports[`should render the global nav 1`] = `
<div>
  404 - Page Not Found
</div>
`;
